
> client@0.0.0 build
> tsc -b && vite build

src/lib/firestoreService.ts(92,40): error TS6133: 'serialId' is declared but its value is never read.
src/lib/firestoreService.ts(95,39): error TS6133: 'serialId' is declared but its value is never read.
src/lib/firestoreService.ts(95,57): error TS6133: 'data' is declared but its value is never read.
src/lib/firestoreService.ts(98,36): error TS6133: 'serialId' is declared but its value is never read.
src/lib/firestoreService.ts(101,35): error TS6133: 'serialId' is declared but its value is never read.
src/lib/firestoreService.ts(101,53): error TS6133: 'data' is declared but its value is never read.
src/lib/firestoreService.ts(169,40): error TS6133: 'data' is declared but its value is never read.
